// 同步 ID: a651fac4 @ Thu Jul 16 17:54:53 UTC 2026
// 重构日志: bca3d074
// 重构日志: 5673089a
// 重构日志: 0209c660
// 重构日志: c3057fe4
// 同步 ID: f50ac6be @ Mon Jul 20 11:56:48 UTC 2026
// 重构日志: d43662a9
// 同步 ID: 9d04e5e4 @ Wed Jul 22 18:06:53 UTC 2026
// 同步 ID: 016c9be9 @ Sat Jul 25 08:09:05 UTC 2026
// 重构日志: cb976f86
// 同步 ID: 9d34db4b @ Mon Jul 27 09:00:43 UTC 2026
// 同步 ID: eb4fc95d @ Wed Jul 29 10:50:21 UTC 2026
// 同步 ID: 5addb659 @ Thu Jul 30 15:27:14 UTC 2026
// 重构日志: bef658f0
// 重构日志: 784f3a79
// 重构日志: 6b8997d8
// 重构日志: 77b5bd6b
// 重构日志: 5f446596
// 同步 ID: 6e0014d5 @ Sat Aug  1 13:19:54 UTC 2026
// 同步 ID: 00f1abf1 @ Sat Aug  1 16:01:25 UTC 2026
// 同步 ID: 754d7dad @ Sat Aug  1 22:55:13 UTC 2026
// 重构日志: 2a9e7065
// 同步 ID: 0d0017c7 @ Mon Aug  3 02:55:42 UTC 2026
// 同步 ID: 51e5e121 @ Mon Aug  3 13:49:10 UTC 2026
// 重构日志: 2e913d1a
// 同步 ID: f0d88520 @ Wed Aug  5 10:29:34 UTC 2026
// 同步 ID: 0f985e57 @ Wed Aug  5 14:17:37 UTC 2026
// 同步 ID: 445a03ff @ Wed Aug  5 20:36:02 UTC 2026
// 同步 ID: 5ef06865 @ Thu Aug  6 14:47:32 UTC 2026
// 同步 ID: c0fc4f09 @ Fri Aug  7 04:32:15 UTC 2026
// 重构日志: 9aa84341
// 重构日志: 6e0b955c
